
          /\      |‾‾| /‾‾/   /‾‾/   
     /\  /  \     |  |/  /   /  /    
    /  \/    \    |     (   /   ‾‾\  
   /          \   |  |\  \ |  (‾)  | 
  / __________ \  |__| \__\ \_____/ .io

  execution: local
     script: loadtest.js
     output: json (monolith-2.json)

  scenarios: (100.00%) 1 scenario, 1000 max VUs, 2m30s max duration (incl. graceful stop):
           * default: 1000 looping VUs for 2m0s (gracefulStop: 30s)


running (0m00.7s), 1000/1000 VUs, 108 complete and 0 interrupted iterations
default   [   1% ] 1000 VUs  0m00.7s/2m0s

running (0m00.9s), 1000/1000 VUs, 139 complete and 0 interrupted iterations
default   [   1% ] 1000 VUs  0m00.9s/2m0s

running (0m01.9s), 1000/1000 VUs, 299 complete and 0 interrupted iterations
default   [   2% ] 1000 VUs  0m01.9s/2m0s

running (0m02.9s), 1000/1000 VUs, 451 complete and 0 interrupted iterations
default   [   2% ] 1000 VUs  0m02.9s/2m0s

running (0m03.9s), 1000/1000 VUs, 612 complete and 0 interrupted iterations
default   [   3% ] 1000 VUs  0m03.9s/2m0s

running (0m04.9s), 1000/1000 VUs, 789 complete and 0 interrupted iterations
default   [   4% ] 1000 VUs  0m04.9s/2m0s

running (0m05.9s), 1000/1000 VUs, 950 complete and 0 interrupted iterations
default   [   5% ] 1000 VUs  0m05.9s/2m0s

running (0m06.9s), 1000/1000 VUs, 1114 complete and 0 interrupted iterations
default   [   6% ] 1000 VUs  0m06.9s/2m0s

running (0m07.9s), 1000/1000 VUs, 1289 complete and 0 interrupted iterations
default   [   7% ] 1000 VUs  0m07.9s/2m0s

running (0m08.9s), 1000/1000 VUs, 1453 complete and 0 interrupted iterations
default   [   7% ] 1000 VUs  0m08.9s/2m0s

running (0m09.9s), 1000/1000 VUs, 1617 complete and 0 interrupted iterations
default   [   8% ] 1000 VUs  0m09.9s/2m0s

running (0m10.9s), 1000/1000 VUs, 1776 complete and 0 interrupted iterations
default   [   9% ] 1000 VUs  0m10.9s/2m0s

running (0m11.9s), 1000/1000 VUs, 1946 complete and 0 interrupted iterations
default   [  10% ] 1000 VUs  0m11.9s/2m0s

running (0m12.9s), 1000/1000 VUs, 2106 complete and 0 interrupted iterations
default   [  11% ] 1000 VUs  0m12.9s/2m0s

running (0m13.9s), 1000/1000 VUs, 2264 complete and 0 interrupted iterations
default   [  12% ] 1000 VUs  0m13.9s/2m0s

running (0m14.9s), 1000/1000 VUs, 2448 complete and 0 interrupted iterations
default   [  12% ] 1000 VUs  0m14.9s/2m0s

running (0m15.9s), 1000/1000 VUs, 2622 complete and 0 interrupted iterations
default   [  13% ] 1000 VUs  0m15.9s/2m0s

running (0m16.9s), 1000/1000 VUs, 2790 complete and 0 interrupted iterations
default   [  14% ] 1000 VUs  0m16.9s/2m0s

running (0m17.9s), 1000/1000 VUs, 2964 complete and 0 interrupted iterations
default   [  15% ] 1000 VUs  0m17.9s/2m0s

running (0m18.9s), 1000/1000 VUs, 3139 complete and 0 interrupted iterations
default   [  16% ] 1000 VUs  0m18.9s/2m0s

running (0m19.9s), 1000/1000 VUs, 3308 complete and 0 interrupted iterations
default   [  17% ] 1000 VUs  0m19.9s/2m0s

running (0m20.9s), 1000/1000 VUs, 3473 complete and 0 interrupted iterations
default   [  17% ] 1000 VUs  0m20.9s/2m0s

running (0m21.9s), 1000/1000 VUs, 3648 complete and 0 interrupted iterations
default   [  18% ] 1000 VUs  0m21.9s/2m0s

running (0m22.9s), 1000/1000 VUs, 3801 complete and 0 interrupted iterations
default   [  19% ] 1000 VUs  0m22.9s/2m0s

running (0m23.9s), 1000/1000 VUs, 3967 complete and 0 interrupted iterations
default   [  20% ] 1000 VUs  0m23.9s/2m0s

running (0m24.9s), 1000/1000 VUs, 4160 complete and 0 interrupted iterations
default   [  21% ] 1000 VUs  0m24.9s/2m0s

running (0m25.9s), 1000/1000 VUs, 4327 complete and 0 interrupted iterations
default   [  22% ] 1000 VUs  0m25.9s/2m0s

running (0m26.9s), 1000/1000 VUs, 4503 complete and 0 interrupted iterations
default   [  22% ] 1000 VUs  0m26.9s/2m0s

running (0m27.9s), 1000/1000 VUs, 4689 complete and 0 interrupted iterations
default   [  23% ] 1000 VUs  0m27.9s/2m0s

running (0m28.9s), 1000/1000 VUs, 4859 complete and 0 interrupted iterations
default   [  24% ] 1000 VUs  0m28.9s/2m0s

running (0m29.9s), 1000/1000 VUs, 5020 complete and 0 interrupted iterations
default   [  25% ] 1000 VUs  0m29.9s/2m0s

running (0m30.9s), 1000/1000 VUs, 5197 complete and 0 interrupted iterations
default   [  26% ] 1000 VUs  0m30.9s/2m0s

running (0m31.9s), 1000/1000 VUs, 5357 complete and 0 interrupted iterations
default   [  27% ] 1000 VUs  0m31.9s/2m0s

running (0m32.9s), 1000/1000 VUs, 5521 complete and 0 interrupted iterations
default   [  27% ] 1000 VUs  0m32.9s/2m0s

running (0m33.9s), 1000/1000 VUs, 5688 complete and 0 interrupted iterations
default   [  28% ] 1000 VUs  0m33.9s/2m0s

running (0m34.9s), 1000/1000 VUs, 5861 complete and 0 interrupted iterations
default   [  29% ] 1000 VUs  0m34.9s/2m0s

running (0m35.9s), 1000/1000 VUs, 6041 complete and 0 interrupted iterations
default   [  30% ] 1000 VUs  0m35.9s/2m0s

running (0m36.9s), 1000/1000 VUs, 6211 complete and 0 interrupted iterations
default   [  31% ] 1000 VUs  0m36.9s/2m0s

running (0m37.9s), 1000/1000 VUs, 6402 complete and 0 interrupted iterations
default   [  32% ] 1000 VUs  0m37.9s/2m0s

running (0m38.9s), 1000/1000 VUs, 6576 complete and 0 interrupted iterations
default   [  32% ] 1000 VUs  0m38.9s/2m0s

running (0m39.9s), 1000/1000 VUs, 6743 complete and 0 interrupted iterations
default   [  33% ] 1000 VUs  0m39.9s/2m0s

running (0m40.9s), 1000/1000 VUs, 6903 complete and 0 interrupted iterations
default   [  34% ] 1000 VUs  0m40.9s/2m0s

running (0m41.9s), 1000/1000 VUs, 7076 complete and 0 interrupted iterations
default   [  35% ] 1000 VUs  0m41.9s/2m0s

running (0m42.9s), 1000/1000 VUs, 7241 complete and 0 interrupted iterations
default   [  36% ] 1000 VUs  0m42.9s/2m0s

running (0m43.9s), 1000/1000 VUs, 7410 complete and 0 interrupted iterations
default   [  37% ] 1000 VUs  0m43.9s/2m0s

running (0m44.9s), 1000/1000 VUs, 7586 complete and 0 interrupted iterations
default   [  37% ] 1000 VUs  0m44.9s/2m0s

running (0m45.9s), 1000/1000 VUs, 7773 complete and 0 interrupted iterations
default   [  38% ] 1000 VUs  0m45.9s/2m0s

running (0m46.9s), 1000/1000 VUs, 7947 complete and 0 interrupted iterations
default   [  39% ] 1000 VUs  0m46.9s/2m0s

running (0m47.9s), 1000/1000 VUs, 8134 complete and 0 interrupted iterations
default   [  40% ] 1000 VUs  0m47.9s/2m0s

running (0m48.9s), 1000/1000 VUs, 8306 complete and 0 interrupted iterations
default   [  41% ] 1000 VUs  0m48.9s/2m0s

running (0m49.9s), 1000/1000 VUs, 8474 complete and 0 interrupted iterations
default   [  42% ] 1000 VUs  0m49.9s/2m0s

running (0m50.9s), 1000/1000 VUs, 8648 complete and 0 interrupted iterations
default   [  42% ] 1000 VUs  0m50.9s/2m0s

running (0m51.9s), 1000/1000 VUs, 8825 complete and 0 interrupted iterations
default   [  43% ] 1000 VUs  0m51.9s/2m0s

running (0m52.9s), 1000/1000 VUs, 9001 complete and 0 interrupted iterations
default   [  44% ] 1000 VUs  0m52.9s/2m0s

running (0m53.9s), 1000/1000 VUs, 9170 complete and 0 interrupted iterations
default   [  45% ] 1000 VUs  0m53.9s/2m0s

running (0m54.9s), 1000/1000 VUs, 9347 complete and 0 interrupted iterations
default   [  46% ] 1000 VUs  0m54.9s/2m0s

running (0m55.9s), 1000/1000 VUs, 9543 complete and 0 interrupted iterations
default   [  47% ] 1000 VUs  0m55.9s/2m0s

running (0m56.9s), 1000/1000 VUs, 9705 complete and 0 interrupted iterations
default   [  47% ] 1000 VUs  0m56.9s/2m0s

running (0m57.9s), 1000/1000 VUs, 9900 complete and 0 interrupted iterations
default   [  48% ] 1000 VUs  0m57.9s/2m0s

running (0m58.9s), 1000/1000 VUs, 10075 complete and 0 interrupted iterations
default   [  49% ] 1000 VUs  0m58.9s/2m0s

running (0m59.9s), 1000/1000 VUs, 10250 complete and 0 interrupted iterations
default   [  50% ] 1000 VUs  0m59.9s/2m0s

running (1m00.9s), 1000/1000 VUs, 10423 complete and 0 interrupted iterations
default   [  51% ] 1000 VUs  1m00.9s/2m0s

running (1m01.9s), 1000/1000 VUs, 10604 complete and 0 interrupted iterations
default   [  52% ] 1000 VUs  1m01.9s/2m0s

running (1m02.9s), 1000/1000 VUs, 10781 complete and 0 interrupted iterations
default   [  52% ] 1000 VUs  1m02.9s/2m0s

running (1m03.9s), 1000/1000 VUs, 10943 complete and 0 interrupted iterations
default   [  53% ] 1000 VUs  1m03.9s/2m0s

running (1m04.9s), 1000/1000 VUs, 11097 complete and 0 interrupted iterations
default   [  54% ] 1000 VUs  1m04.9s/2m0s

running (1m05.9s), 1000/1000 VUs, 11285 complete and 0 interrupted iterations
default   [  55% ] 1000 VUs  1m05.9s/2m0s

running (1m06.9s), 1000/1000 VUs, 11457 complete and 0 interrupted iterations
default   [  56% ] 1000 VUs  1m06.9s/2m0s

running (1m07.9s), 1000/1000 VUs, 11633 complete and 0 interrupted iterations
default   [  57% ] 1000 VUs  1m07.9s/2m0s

running (1m08.9s), 1000/1000 VUs, 11804 complete and 0 interrupted iterations
default   [  57% ] 1000 VUs  1m08.9s/2m0s

running (1m09.9s), 1000/1000 VUs, 11978 complete and 0 interrupted iterations
default   [  58% ] 1000 VUs  1m09.9s/2m0s

running (1m10.9s), 1000/1000 VUs, 12155 complete and 0 interrupted iterations
default   [  59% ] 1000 VUs  1m10.9s/2m0s

running (1m11.9s), 1000/1000 VUs, 12322 complete and 0 interrupted iterations
default   [  60% ] 1000 VUs  1m11.9s/2m0s

running (1m12.9s), 1000/1000 VUs, 12488 complete and 0 interrupted iterations
default   [  61% ] 1000 VUs  1m12.9s/2m0s

running (1m13.9s), 1000/1000 VUs, 12662 complete and 0 interrupted iterations
default   [  62% ] 1000 VUs  1m13.9s/2m0s

running (1m14.9s), 1000/1000 VUs, 12841 complete and 0 interrupted iterations
default   [  62% ] 1000 VUs  1m14.9s/2m0s

running (1m15.9s), 1000/1000 VUs, 13025 complete and 0 interrupted iterations
default   [  63% ] 1000 VUs  1m15.9s/2m0s

running (1m16.9s), 1000/1000 VUs, 13194 complete and 0 interrupted iterations
default   [  64% ] 1000 VUs  1m16.9s/2m0s

running (1m17.9s), 1000/1000 VUs, 13379 complete and 0 interrupted iterations
default   [  65% ] 1000 VUs  1m17.9s/2m0s

running (1m18.9s), 1000/1000 VUs, 13554 complete and 0 interrupted iterations
default   [  66% ] 1000 VUs  1m18.9s/2m0s

running (1m19.9s), 1000/1000 VUs, 13714 complete and 0 interrupted iterations
default   [  67% ] 1000 VUs  1m19.9s/2m0s

running (1m20.9s), 1000/1000 VUs, 13882 complete and 0 interrupted iterations
default   [  67% ] 1000 VUs  1m20.9s/2m0s

running (1m21.9s), 1000/1000 VUs, 14057 complete and 0 interrupted iterations
default   [  68% ] 1000 VUs  1m21.9s/2m0s

running (1m22.9s), 1000/1000 VUs, 14231 complete and 0 interrupted iterations
default   [  69% ] 1000 VUs  1m22.9s/2m0s

running (1m23.9s), 1000/1000 VUs, 14405 complete and 0 interrupted iterations
default   [  70% ] 1000 VUs  1m23.9s/2m0s

running (1m24.9s), 1000/1000 VUs, 14575 complete and 0 interrupted iterations
default   [  71% ] 1000 VUs  1m24.9s/2m0s

running (1m25.9s), 1000/1000 VUs, 14742 complete and 0 interrupted iterations
default   [  72% ] 1000 VUs  1m25.9s/2m0s

running (1m26.9s), 1000/1000 VUs, 14925 complete and 0 interrupted iterations
default   [  72% ] 1000 VUs  1m26.9s/2m0s

running (1m27.9s), 1000/1000 VUs, 15104 complete and 0 interrupted iterations
default   [  73% ] 1000 VUs  1m27.9s/2m0s

running (1m28.9s), 1000/1000 VUs, 15270 complete and 0 interrupted iterations
default   [  74% ] 1000 VUs  1m28.9s/2m0s

running (1m29.9s), 1000/1000 VUs, 15444 complete and 0 interrupted iterations
default   [  75% ] 1000 VUs  1m29.9s/2m0s

running (1m30.9s), 1000/1000 VUs, 15618 complete and 0 interrupted iterations
default   [  76% ] 1000 VUs  1m30.9s/2m0s

running (1m31.9s), 1000/1000 VUs, 15788 complete and 0 interrupted iterations
default   [  77% ] 1000 VUs  1m31.9s/2m0s

running (1m32.9s), 1000/1000 VUs, 15960 complete and 0 interrupted iterations
default   [  77% ] 1000 VUs  1m32.9s/2m0s

running (1m33.9s), 1000/1000 VUs, 16128 complete and 0 interrupted iterations
default   [  78% ] 1000 VUs  1m33.9s/2m0s

running (1m34.9s), 1000/1000 VUs, 16299 complete and 0 interrupted iterations
default   [  79% ] 1000 VUs  1m34.9s/2m0s

running (1m35.9s), 1000/1000 VUs, 16463 complete and 0 interrupted iterations
default   [  80% ] 1000 VUs  1m35.9s/2m0s

running (1m36.9s), 1000/1000 VUs, 16627 complete and 0 interrupted iterations
default   [  81% ] 1000 VUs  1m36.9s/2m0s

running (1m37.9s), 1000/1000 VUs, 16803 complete and 0 interrupted iterations
default   [  82% ] 1000 VUs  1m37.9s/2m0s

running (1m38.9s), 1000/1000 VUs, 16977 complete and 0 interrupted iterations
default   [  82% ] 1000 VUs  1m38.9s/2m0s

running (1m39.9s), 1000/1000 VUs, 17149 complete and 0 interrupted iterations
default   [  83% ] 1000 VUs  1m39.9s/2m0s

running (1m40.9s), 1000/1000 VUs, 17325 complete and 0 interrupted iterations
default   [  84% ] 1000 VUs  1m40.9s/2m0s

running (1m41.9s), 1000/1000 VUs, 17499 complete and 0 interrupted iterations
default   [  85% ] 1000 VUs  1m41.9s/2m0s

running (1m42.9s), 1000/1000 VUs, 17673 complete and 0 interrupted iterations
default   [  86% ] 1000 VUs  1m42.9s/2m0s

running (1m43.9s), 1000/1000 VUs, 17836 complete and 0 interrupted iterations
default   [  87% ] 1000 VUs  1m43.9s/2m0s

running (1m44.9s), 1000/1000 VUs, 18014 complete and 0 interrupted iterations
default   [  87% ] 1000 VUs  1m44.9s/2m0s

running (1m45.9s), 1000/1000 VUs, 18186 complete and 0 interrupted iterations
default   [  88% ] 1000 VUs  1m45.9s/2m0s

running (1m46.9s), 1000/1000 VUs, 18404 complete and 0 interrupted iterations
default   [  89% ] 1000 VUs  1m46.9s/2m0s

running (1m47.9s), 1000/1000 VUs, 18586 complete and 0 interrupted iterations
default   [  90% ] 1000 VUs  1m47.9s/2m0s

running (1m48.9s), 1000/1000 VUs, 18759 complete and 0 interrupted iterations
default   [  91% ] 1000 VUs  1m48.9s/2m0s

running (1m49.9s), 1000/1000 VUs, 18933 complete and 0 interrupted iterations
default   [  92% ] 1000 VUs  1m49.9s/2m0s

running (1m50.9s), 1000/1000 VUs, 19107 complete and 0 interrupted iterations
default   [  92% ] 1000 VUs  1m50.9s/2m0s

running (1m51.9s), 1000/1000 VUs, 19287 complete and 0 interrupted iterations
default   [  93% ] 1000 VUs  1m51.9s/2m0s

running (1m52.9s), 1000/1000 VUs, 19449 complete and 0 interrupted iterations
default   [  94% ] 1000 VUs  1m52.9s/2m0s

running (1m53.9s), 1000/1000 VUs, 19620 complete and 0 interrupted iterations
default   [  95% ] 1000 VUs  1m53.9s/2m0s

running (1m54.9s), 1000/1000 VUs, 19783 complete and 0 interrupted iterations
default   [  96% ] 1000 VUs  1m54.9s/2m0s

running (1m55.9s), 1000/1000 VUs, 19956 complete and 0 interrupted iterations
default   [  97% ] 1000 VUs  1m55.9s/2m0s

running (1m56.9s), 1000/1000 VUs, 20135 complete and 0 interrupted iterations
default   [  97% ] 1000 VUs  1m56.9s/2m0s

running (1m57.9s), 1000/1000 VUs, 20321 complete and 0 interrupted iterations
default   [  98% ] 1000 VUs  1m57.9s/2m0s

running (1m58.9s), 1000/1000 VUs, 20496 complete and 0 interrupted iterations
default   [  99% ] 1000 VUs  1m58.9s/2m0s

running (1m59.9s), 1000/1000 VUs, 20665 complete and 0 interrupted iterations
default   [ 100% ] 1000 VUs  1m59.9s/2m0s

running (2m00.9s), 0836/1000 VUs, 20845 complete and 0 interrupted iterations
default ↓ [ 100% ] 1000 VUs  2m0s

running (2m01.9s), 0670/1000 VUs, 21011 complete and 0 interrupted iterations
default ↓ [ 100% ] 1000 VUs  2m0s

running (2m02.9s), 0492/1000 VUs, 21189 complete and 0 interrupted iterations
default ↓ [ 100% ] 1000 VUs  2m0s

running (2m03.9s), 0315/1000 VUs, 21366 complete and 0 interrupted iterations
default ↓ [ 100% ] 1000 VUs  2m0s

running (2m04.9s), 0129/1000 VUs, 21552 complete and 0 interrupted iterations
default ↓ [ 100% ] 1000 VUs  2m0s

     data_received..................: 3.9 MB 31 kB/s
     data_sent......................: 4.2 MB 33 kB/s
     http_req_blocked...............: avg=2.37ms   min=57.54µs  med=350.52µs max=100.03ms p(90)=423.66µs p(95)=539.89µs
     http_req_connecting............: avg=2.24ms   min=40.51µs  med=231.7µs  max=97.98ms  p(90)=282.2µs  p(95)=371.44µs
     http_req_duration..............: avg=5.66s    min=25.02ms  med=5.78s    max=6.23s    p(90)=5.95s    p(95)=6.02s   
       { expected_response:true }...: avg=5.66s    min=25.02ms  med=5.78s    max=6.23s    p(90)=5.95s    p(95)=6.02s   
     http_req_failed................: 0.00%  ✓ 0          ✗ 21681 
     http_req_receiving.............: avg=160.41µs min=32.13µs  med=153.09µs max=3.14ms   p(90)=225.7µs  p(95)=299.78µs
     http_req_sending...............: avg=150.64µs min=11.11µs  med=74.66µs  max=13.04ms  p(90)=129.1µs  p(95)=165.85µs
     http_req_tls_handshaking.......: avg=0s       min=0s       med=0s       max=0s       p(90)=0s       p(95)=0s      
     http_req_waiting...............: avg=5.65s    min=23.51ms  med=5.77s    max=6.23s    p(90)=5.95s    p(95)=6.02s   
     http_reqs......................: 21681  172.632278/s
     iteration_duration.............: avg=5.66s    min=115.48ms med=5.78s    max=6.23s    p(90)=5.95s    p(95)=6.02s   
     iterations.....................: 21681  172.632278/s
     vus............................: 129    min=129      max=1000
     vus_max........................: 1000   min=1000     max=1000


running (2m05.6s), 0000/1000 VUs, 21681 complete and 0 interrupted iterations
default ✓ [ 100% ] 1000 VUs  2m0s
